../Core/Src/freertos.c:161:20:setUserLEDOne	16	static
../Core/Src/freertos.c:166:20:setUserLEDTwo	16	static
../Core/Src/freertos.c:171:24:micros	8	static
../Core/Src/freertos.c:177:13:spi2_deselect_all	8	static
../Core/Src/freertos.c:183:13:spi_dev_select	16	static
../Core/Src/freertos.c:189:13:spi_dev_deselect	16	static
../Core/Src/freertos.c:194:16:BSP_SPI2_Init	8	static
../Core/Src/freertos.c:200:16:BSP_SPI2_DeInit	8	static
../Core/Src/freertos.c:206:16:spi_bus_read_reg	104	static
../Core/Src/freertos.c:231:16:spi_bus_write_reg	56	static
../Core/Src/freertos.c:254:16:IMU_SPI2_ReadReg	24	static
../Core/Src/freertos.c:260:16:IMU_SPI2_WriteReg	24	static
../Core/Src/freertos.c:267:16:BARO_SPI2_ReadReg	24	static
../Core/Src/freertos.c:273:16:BARO_SPI2_WriteReg	24	static
../Core/Src/freertos.c:279:16:MX_LSM6DSR_Init	48	static
../Core/Src/freertos.c:320:16:MX_LPS22HH_Init	48	static
../Core/Src/freertos.c:359:13:preprocess_imu_sample	16	static
../Core/Src/freertos.c:380:14:pressure_to_altitude_m	16	static
../Core/Src/freertos.c:390:13:preprocess_baro_sample	16	static
../Core/Src/freertos.c:398:13:imu_uart_send_raw_line	240	static
../Core/Src/freertos.c:417:13:imu_uart_send_processed_line	272	static
../Core/Src/freertos.c:436:13:baro_uart_send_processed_line	192	static
../Core/Src/freertos.c:452:13:debug_output_send_current_mode	24	static
../Core/Src/freertos.c:480:13:imu_stats_send_line	200	static
../Core/Src/freertos.c:541:6:vApplicationStackOverflowHook	16	static,ignoring_inline_asm
../Core/Src/freertos.c:551:13:calibrate_gyro_bias	112	static
../Core/Src/freertos.c:592:6:applicationInit	8	static
../Core/Src/freertos.c:616:6:ledHeartbeatTask	16	static
../Core/Src/freertos.c:629:6:uartCommTask	16	static
../Core/Src/freertos.c:643:6:IMUAcquisitionTask	56	static
../Core/Src/freertos.c:730:6:flightControlTask	16	static
