../Core/Src/main.c:84:5:main	1
../Core/Src/main.c:106:6:MX_PB6789_MOTOR_Init	1
../Core/Src/main.c:148:6:MX_PA8_CS_Init	1
../Core/Src/main.c:168:6:MX_PC13_CS_Init	1
../Core/Src/main.c:188:6:MX_PB4_5_LED_Init	1
../Core/Src/main.c:217:6:SystemClock_Config	3
../Core/Src/main.c:263:13:MX_SPI2_Init	2
../Core/Src/main.c:301:13:MX_USART1_UART_Init	2
../Core/Src/main.c:334:13:MX_GPIO_Init	1
../Core/Src/main.c:359:6:StartDefaultTask	1
../Core/Src/main.c:380:6:HAL_TIM_PeriodElapsedCallback	2
../Core/Src/main.c:398:6:Error_Handler	1
