../Core/Src/main.c:84:5:main	8	static
../Core/Src/main.c:106:6:MX_PB6789_MOTOR_Init	32	static
../Core/Src/main.c:148:6:MX_PA8_CS_Init	32	static
../Core/Src/main.c:168:6:MX_PC13_CS_Init	32	static
../Core/Src/main.c:188:6:MX_PB4_5_LED_Init	32	static
../Core/Src/main.c:217:6:SystemClock_Config	88	static
../Core/Src/main.c:263:13:MX_SPI2_Init	8	static
../Core/Src/main.c:301:13:MX_USART1_UART_Init	8	static
../Core/Src/main.c:334:13:MX_GPIO_Init	24	static
../Core/Src/main.c:359:6:StartDefaultTask	16	static
../Core/Src/main.c:380:6:HAL_TIM_PeriodElapsedCallback	16	static
../Core/Src/main.c:398:6:Error_Handler	4	static,ignoring_inline_asm
